[    0.000000] Linux version 4.15.0-202-generic (buildd@lcy02-amd64-115) (gcc version 7.5.0 (Ubuntu 7.5.0-3ubuntu1~18.04)) #213-Ubuntu SMP Thu Jan 5 19:19:12 UTC 2023 (Ubuntu 4.15.0-202.213-generic 4.15.18)
[    0.000000] Command line: BOOT_IMAGE=/boot/vmlinuz-4.15.0-202-generic root=UUID=696806de-e29d-4c0e-8dcd-cdc4beaab142 ro console=tty1 console=ttyS0
[    0.000000] KERNEL supported cpus:
[    0.000000]   Intel GenuineIntel
[    0.000000]   AMD AuthenticAMD
[    0.000000]   Centaur CentaurHauls
[    0.000000] x86/fpu: x87 FPU will use FXSAVE
[    0.000000] e820: BIOS-provided physical RAM map:
[    0.000000] BIOS-e820: [mem 0x0000000000000000-0x000000000009fbff] usable
[    0.000000] BIOS-e820: [mem 0x000000000009fc00-0x000000000009ffff] reserved
[    0.000000] BIOS-e820: [mem 0x00000000000f0000-0x00000000000fffff] reserved
[    0.000000] BIOS-e820: [mem 0x0000000000100000-0x000000003ffeffff] usable
[    0.000000] BIOS-e820: [mem 0x000000003fff0000-0x000000003fffffff] ACPI data
[    0.000000] BIOS-e820: [mem 0x00000000fec00000-0x00000000fec00fff] reserved
[    0.000000] BIOS-e820: [mem 0x00000000fee00000-0x00000000fee00fff] reserved
[    0.000000] BIOS-e820: [mem 0x00000000fffc0000-0x00000000ffffffff] reserved
[    0.000000] NX (Execute Disable) protection: active
[    0.000000] SMBIOS 2.5 present.
[    0.000000] DMI: innotek GmbH VirtualBox/VirtualBox, BIOS VirtualBox 12/01/2006
[    0.000000] Hypervisor detected: KVM
[    0.000000] e820: last_pfn = 0x3fff0 max_arch_pfn = 0x400000000
[    0.000000] MTRR: Disabled
[    0.000000] x86/PAT: MTRRs disabled, skipping PAT initialization too.
[    0.000000] CPU MTRRs all blank - virtualized system.
[    0.000000] x86/PAT: Configuration [0-7]: WB  WT  UC- UC  WB  WT  UC- UC  
[    0.000000] found SMP MP-table at [mem 0x0009fff0-0x0009ffff]
[    0.000000] Scanning 1 areas for low memory corruption
[    0.000000] RAMDISK: [mem 0x35819000-0x36c03fff]
[    0.000000] ACPI: Early table checksum verification disabled
[    0.000000] ACPI: RSDP 0x00000000000E0000 000024 (v02 VBOX  )
[    0.000000] ACPI: XSDT 0x000000003FFF0030 00003C (v01 VBOX   VBOXXSDT 00000001 ASL  00000061)
[    0.000000] ACPI: FACP 0x000000003FFF00F0 0000F4 (v04 VBOX   VBOXFACP 00000001 ASL  00000061)
[    0.000000] ACPI: DSDT 0x000000003FFF0610 002353 (v02 VBOX   VBOXBIOS 00000002 INTL 20100528)
[    0.000000] ACPI: FACS 0x000000003FFF0200 000040
[    0.000000] ACPI: FACS 0x000000003FFF0200 000040
[    0.000000] ACPI: APIC 0x000000003FFF0240 00005C (v02 VBOX   VBOXAPIC 00000001 ASL  00000061)
[    0.000000] ACPI: SSDT 0x000000003FFF02A0 00036C (v01 VBOX   VBOXCPUT 00000002 INTL 20100528)
[    0.000000] ACPI: Reserving FACP table memory at [mem 0x3fff00f0-0x3fff01e3]
[    0.000000] ACPI: Reserving DSDT table memory at [mem 0x3fff0610-0x3fff2962]
[    0.000000] ACPI: Reserving FACS table memory at [mem 0x3fff0200-0x3fff023f]
[    0.000000] ACPI: Reserving FACS table memory at [mem 0x3fff0200-0x3fff023f]
[    0.000000] ACPI: Reserving APIC table memory at [mem 0x3fff0240-0x3fff029b]
[    0.000000] ACPI: Reserving SSDT table memory at [mem 0x3fff02a0-0x3fff060b]
[    0.000000] No NUMA configuration found
[    0.000000] Faking a node at [mem 0x0000000000000000-0x000000003ffeffff]
[    0.000000] NODE_DATA(0) allocated [mem 0x3ffc5000-0x3ffeffff]
[    0.000000] kvm-clock: cpu 0, msr 0:3ff44001, primary cpu clock
[    0.000000] kvm-clock: Using msrs 4b564d01 and 4b564d00
[    0.000000] kvm-clock: using sched offset of 4304907109 cycles
[    0.000000] clocksource: kvm-clock: mask: 0xffffffffffffffff max_cycles: 0x1cd42e4dffb, max_idle_ns: 881590591483 ns
[    0.000000] Zone ranges:
[    0.000000]   DMA      [mem 0x0000000000001000-0x0000000000ffffff]
[    0.000000]   DMA32    [mem 0x0000000001000000-0x000000003ffeffff]
[    0.000000]   Normal   empty
[    0.000000]   Device   empty
[    0.000000] Movable zone start for each node
[    0.000000] Early memory node ranges
[    0.000000]   node   0: [mem 0x0000000000001000-0x000000000009efff]
[    0.000000]   node   0: [mem 0x0000000000100000-0x000000003ffeffff]
[    0.000000] Reserved but unavailable: 104 pages
[    0.000000] Initmem setup node 0 [mem 0x0000000000001000-0x000000003ffeffff]
[    0.000000] ACPI: PM-Timer IO Port: 0x4008
[    0.000000] IOAPIC[0]: apic_id 2, version 32, address 0xfec00000, GSI 0-23
[    0.000000] ACPI: INT_SRC_OVR (bus 0 bus_irq 0 global_irq 2 dfl dfl)
[    0.000000] ACPI: INT_SRC_OVR (bus 0 bus_irq 9 global_irq 9 low level)
[    0.000000] Using ACPI (MADT) for SMP configuration information
[    0.000000] smpboot: Allowing 2 CPUs, 0 hotplug CPUs
[    0.000000] PM: Registered nosave memory: [mem 0x00000000-0x00000fff]
[    0.000000] PM: Registered nosave memory: [mem 0x0009f000-0x0009ffff]
[    0.000000] PM: Registered nosave memory: [mem 0x000a0000-0x000effff]
[    0.000000] PM: Registered nosave memory: [mem 0x000f0000-0x000fffff]
[    0.000000] e820: [mem 0x40000000-0xfebfffff] available for PCI devices
[    0.000000] Booting paravirtualized kernel on KVM
[    0.000000] clocksource: refined-jiffies: mask: 0xffffffff max_cycles: 0xffffffff, max_idle_ns: 7645519600211568 ns
[    0.000000] setup_percpu: NR_CPUS:8192 nr_cpumask_bits:2 nr_cpu_ids:2 nr_node_ids:1
[    0.000000] percpu: Embedded 50 pages/cpu s167936 r8192 d28672 u1048576
[    0.000000] PV qspinlock hash table entries: 256 (order: 0, 4096 bytes)
[    0.000000] Built 1 zonelists, mobility grouping on.  Total pages: 257913
[    0.000000] Policy zone: DMA32
[    0.000000] Kernel command line: BOOT_IMAGE=/boot/vmlinuz-4.15.0-202-generic root=UUID=696806de-e29d-4c0e-8dcd-cdc4beaab142 ro console=tty1 console=ttyS0
[    0.000000] Memory: 981784K/1048120K available (12300K kernel code, 2477K rwdata, 4320K rodata, 2472K init, 2720K bss, 66336K reserved, 0K cma-reserved)
[    0.000000] SLUB: HWalign=64, Order=0-3, MinObjects=0, CPUs=2, Nodes=1
[    0.000000] ftrace: allocating 39478 entries in 155 pages
[    0.004000] Hierarchical RCU implementation.
[    0.004000] 	RCU restricting CPUs from NR_CPUS=8192 to nr_cpu_ids=2.
[    0.004000] 	Tasks RCU enabled.
[    0.004000] RCU: Adjusting geometry for rcu_fanout_leaf=16, nr_cpu_ids=2
[    0.004000] NR_IRQS: 524544, nr_irqs: 440, preallocated irqs: 16
[    0.004000] random: crng init done
[    0.004000] Console: colour VGA+ 80x25
[    0.004000] console [tty1] enabled
[    0.004000] console [ttyS0] enabled
[    0.004000] ACPI: Core revision 20170831
[    0.004000] ACPI: 2 ACPI AML tables successfully acquired and loaded
[    0.004000] APIC: Switch to symmetric I/O mode setup
[    0.008000] ..TIMER: vector=0x30 apic1=0 pin1=2 apic2=-1 pin2=-1
[    0.008005] tsc: Detected 1800.006 MHz processor
[    0.012010] Calibrating delay loop (skipped) preset value.. 3600.01 BogoMIPS (lpj=7200024)
[    0.016004] pid_max: default: 32768 minimum: 301
[    0.020087] Security Framework initialized
[    0.024004] Yama: becoming mindful.
[    0.028103] AppArmor: AppArmor initialized
[    0.036394] Dentry cache hash table entries: 131072 (order: 8, 1048576 bytes)
[    0.045630] Inode-cache hash table entries: 65536 (order: 7, 524288 bytes)
[    0.048093] Mount-cache hash table entries: 2048 (order: 2, 16384 bytes)
[    0.052107] Mountpoint-cache hash table entries: 2048 (order: 2, 16384 bytes)
[    0.057632] Last level iTLB entries: 4KB 64, 2MB 8, 4MB 8
[    0.060004] Last level dTLB entries: 4KB 64, 2MB 0, 4MB 0, 1GB 4
[    0.064004] Spectre V1 : Mitigation: usercopy/swapgs barriers and __user pointer sanitization
[    0.068003] Spectre V2 : Mitigation: Enhanced IBRS
[    0.072004] Spectre V2 : Spectre v2 / SpectreRSB mitigation: Filling RSB on context switch
[    0.076004] Speculative Store Bypass: Vulnerable
[    0.080053] MMIO Stale Data: Vulnerable: Clear CPU buffers attempted, no microcode
[    0.084005] SRBDS: Unknown: Dependent on hypervisor status
[    0.088175] Freeing SMP alternatives memory: 36K
[    0.209218] APIC calibration not consistent with PM-Timer: 104ms instead of 100ms
[    0.212000] APIC delta adjusted to PM-Timer: 6275464 (6586157)
[    0.212423] smpboot: CPU0: Intel(R) Core(TM) i5-8265U CPU @ 1.60GHz (family: 0x6, model: 0x8e, stepping: 0xc)
[    0.216419] Performance Events: unsupported p6 CPU model 142 no PMU driver, software events only.
[    0.220051] Hierarchical SRCU implementation.
[    0.224520] NMI watchdog: Perf event create on CPU 0 failed with -2
[    0.228003] NMI watchdog: Perf NMI watchdog permanently disabled
[    0.232060] smp: Bringing up secondary CPUs ...
[    0.236093] x86: Booting SMP configuration:
[    0.240004] .... node  #0, CPUs:      #1
[    0.004000] kvm-clock: cpu 1, msr 0:3ff44041, secondary cpu clock
[    0.252000] TSC synchronization [CPU#0 -> CPU#1]:
[    0.252000] Measured 50667 cycles TSC warp between CPUs, turning off TSC clock.
[    0.252000] tsc: Marking TSC unstable due to check_tsc_sync_source failed
[    0.252321] smp: Brought up 1 node, 2 CPUs
[    0.256005] smpboot: Max logical packages: 1
[    0.260003] smpboot: Total of 2 processors activated (7200.02 BogoMIPS)
[    0.268114] devtmpfs: initialized
[    0.272051] x86/mm: Memory block size: 128MB
[    0.276125] evm: security.selinux
[    0.280003] evm: security.SMACK64
[    0.282778] evm: security.SMACK64EXEC
[    0.284003] evm: security.SMACK64TRANSMUTE
[    0.288002] evm: security.SMACK64MMAP
[    0.292002] evm: security.apparmor
[    0.296002] evm: security.ima
[    0.298570] evm: security.capability
[    0.300333] clocksource: jiffies: mask: 0xffffffff max_cycles: 0xffffffff, max_idle_ns: 7645041785100000 ns
[    0.304008] futex hash table entries: 512 (order: 3, 32768 bytes)
[    0.308045] pinctrl core: initialized pinctrl subsystem
[    0.312489] RTC time:  8:56:29, date: 01/26/23
[    0.320686] NET: Registered protocol family 16
[    0.324126] audit: initializing netlink subsys (disabled)
[    0.328217] audit: type=2000 audit(1674723394.767:1): state=initialized audit_enabled=0 res=1
[    0.340006] cpuidle: using governor ladder
[    0.344008] cpuidle: using governor menu
[    0.348042] ACPI: bus type PCI registered
[    0.352003] acpiphp: ACPI Hot Plug PCI Controller Driver version: 0.5
[    0.356598] PCI: Using configuration type 1 for base access
[    0.364944] HugeTLB registered 2.00 MiB page size, pre-allocated 0 pages
[    0.372580] ACPI: Added _OSI(Module Device)
[    0.376009] ACPI: Added _OSI(Processor Device)
[    0.380003] ACPI: Added _OSI(3.0 _SCP Extensions)
[    0.384003] ACPI: Added _OSI(Processor Aggregator Device)
[    0.388004] ACPI: Added _OSI(Linux-Dell-Video)
[    0.391534] ACPI: Added _OSI(Linux-Lenovo-NV-HDMI-Audio)
[    0.392004] ACPI: Added _OSI(Linux-HPI-Hybrid-Graphics)
[    0.400683] ACPI: Executed 1 blocks of module-level executable AML code
[    0.411620] ACPI: Interpreter enabled
[    0.412013] ACPI: (supports S0 S5)
[    0.416003] ACPI: Using IOAPIC for interrupt routing
[    0.420379] PCI: Using host bridge windows from ACPI; if necessary, use "pci=nocrs" and report a bug
[    0.424341] ACPI: Enabled 2 GPEs in block 00 to 07
[    0.440358] ACPI: PCI Root Bridge [PCI0] (domain 0000 [bus 00-ff])
[    0.444012] acpi PNP0A03:00: _OSC: OS supports [ASPM ClockPM Segments MSI]
[    0.448819] acpi PNP0A03:00: _OSC: not requesting OS control; OS requires [ExtendedConfig ASPM ClockPM MSI]
[    0.452022] acpi PNP0A03:00: fail to add MMCONFIG information, can't access extended PCI configuration space under this bridge.
[    0.456788] PCI host bridge to bus 0000:00
[    0.460006] pci_bus 0000:00: root bus resource [io  0x0000-0x0cf7 window]
[    0.464006] pci_bus 0000:00: root bus resource [io  0x0d00-0xffff window]
[    0.468014] pci_bus 0000:00: root bus resource [mem 0x000a0000-0x000bffff window]
[    0.472008] pci_bus 0000:00: root bus resource [mem 0x40000000-0xfdffffff window]
[    0.476009] pci_bus 0000:00: root bus resource [bus 00-ff]
[    0.489018] pci 0000:00:01.1: legacy IDE quirk: reg 0x10: [io  0x01f0-0x01f7]
[    0.492003] pci 0000:00:01.1: legacy IDE quirk: reg 0x14: [io  0x03f6]
[    0.496006] pci 0000:00:01.1: legacy IDE quirk: reg 0x18: [io  0x0170-0x0177]
[    0.500003] pci 0000:00:01.1: legacy IDE quirk: reg 0x1c: [io  0x0376]
[    0.529235] pci 0000:00:07.0: quirk: [io  0x4000-0x403f] claimed by PIIX4 ACPI
[    0.532039] pci 0000:00:07.0: quirk: [io  0x4100-0x410f] claimed by PIIX4 SMB
[    0.543456] ACPI: PCI Interrupt Link [LNKA] (IRQs 5 9 10 *11)
[    0.544645] ACPI: PCI Interrupt Link [LNKB] (IRQs 5 9 *10 11)
[    0.548209] ACPI: PCI Interrupt Link [LNKC] (IRQs 5 *9 10 11)
[    0.556219] ACPI: PCI Interrupt Link [LNKD] (IRQs 5 9 10 *11)
[    0.560914] SCSI subsystem initialized
[    0.564196] pci 0000:00:02.0: vgaarb: setting as boot VGA device
[    0.568000] pci 0000:00:02.0: vgaarb: VGA device added: decodes=io+mem,owns=io+mem,locks=none
[    0.568009] pci 0000:00:02.0: vgaarb: bridge control possible
[    0.572002] vgaarb: loaded
[    0.576117] ACPI: bus type USB registered
[    0.580020] usbcore: registered new interface driver usbfs
[    0.584023] usbcore: registered new interface driver hub
[    0.588048] usbcore: registered new device driver usb
[    0.596169] EDAC MC: Ver: 3.0.0
[    0.601078] PCI: Using ACPI for IRQ routing
[    0.604702] NetLabel: Initializing
[    0.608003] NetLabel:  domain hash size = 128
[    0.612002] NetLabel:  protocols = UNLABELED CIPSOv4 CALIPSO
[    0.616024] NetLabel:  unlabeled traffic allowed by default
[    0.620422] clocksource: Switched to clocksource kvm-clock
[    0.628810] VFS: Disk quotas dquot_6.6.0
[    0.628810] VFS: Dquot-cache hash table entries: 512 (order 0, 4096 bytes)
[    0.628810] AppArmor: AppArmor Filesystem Enabled
[    0.628810] pnp: PnP ACPI init
[    0.628810] pnp: PnP ACPI: found 3 devices
[    0.747767] clocksource: acpi_pm: mask: 0xffffff max_cycles: 0xffffff, max_idle_ns: 2085701024 ns
[    0.748568] NET: Registered protocol family 2
[    0.748568] IP idents hash table entries: 16384 (order: 5, 131072 bytes)
[    0.768529] TCP established hash table entries: 8192 (order: 4, 65536 bytes)
[    0.775509] TCP bind hash table entries: 8192 (order: 5, 131072 bytes)
[    0.778741] TCP: Hash tables configured (established 8192 bind 8192)
[    0.778741] UDP hash table entries: 512 (order: 2, 16384 bytes)
[    0.778741] UDP-Lite hash table entries: 512 (order: 2, 16384 bytes)
[    0.778741] NET: Registered protocol family 1
[    0.778741] pci 0000:00:00.0: Limiting direct PCI/PCI transfers
[    0.778741] pci 0000:00:01.0: Activating ISA DMA hang workarounds
[    0.778741] pci 0000:00:02.0: Video device with shadowed ROM at [mem 0x000c0000-0x000dffff]
[    0.778741] Unpacking initramfs...
[    1.484531] Freeing initrd memory: 20396K
[    1.489135] clocksource: tsc: mask: 0xffffffffffffffff max_cycles: 0x19f22f68897, max_idle_ns: 440795282550 ns
[    1.499083] platform rtc_cmos: registered platform RTC device (no PNP device found)
[    1.505849] Scanning for low memory corruption every 60 seconds
[    1.512890] Initialise system trusted keyrings
[    1.517509] Key type blacklist registered
[    1.522276] workingset: timestamp_bits=36 max_order=18 bucket_order=0
[    1.531494] zbud: loaded
[    1.535957] squashfs: version 4.0 (2009/01/31) Phillip Lougher
[    1.542722] fuse init (API version 7.26)
[    1.571566] Key type asymmetric registered
[    1.577212] Asymmetric key parser 'x509' registered
[    1.583438] Block layer SCSI generic (bsg) driver version 0.4 loaded (major 246)
[    1.591848] io scheduler noop registered
[    1.596930] io scheduler deadline registered
[    1.601607] io scheduler cfq registered (default)
[    1.608589] ACPI: AC Adapter [AC] (on-line)
[    1.613544] input: Power Button as /devices/LNXSYSTM:00/LNXPWRBN:00/input/input0
[    1.620787] ACPI: Power Button [PWRF]
[    1.625381] input: Sleep Button as /devices/LNXSYSTM:00/LNXSLPBN:00/input/input1
[    1.632536] ACPI: Sleep Button [SLPF]
[    1.637452] Serial: 8250/16550 driver, 32 ports, IRQ sharing enabled
[    1.639050] ACPI: Battery Slot [BAT0] (battery present)
[    1.677641] 00:02: ttyS0 at I/O 0x3f8 (irq = 4, base_baud = 115200) is a 16550A
[    1.687119] Linux agpgart interface v0.103
[    1.694883] loop: module loaded
[    1.701005] scsi host0: ata_piix
[    1.706068] scsi host1: ata_piix
[    1.710356] ata1: PATA max UDMA/33 cmd 0x1f0 ctl 0x3f6 bmdma 0xd000 irq 14
[    1.717380] ata2: PATA max UDMA/33 cmd 0x170 ctl 0x376 bmdma 0xd008 irq 15
[    1.723988] tun: Universal TUN/TAP device driver, 1.6
[    1.730527] PPP generic driver version 2.4.2
[    1.736972] ehci_hcd: USB 2.0 'Enhanced' Host Controller (EHCI) Driver
[    1.742811] ehci-pci: EHCI PCI platform driver
[    1.747019] ehci-platform: EHCI generic platform driver
[    1.750933] ohci_hcd: USB 1.1 'Open' Host Controller (OHCI) Driver
[    1.750933] ohci-pci: OHCI PCI platform driver
[    1.750933] ohci-platform: OHCI generic platform driver
[    1.750933] uhci_hcd: USB Universal Host Controller Interface driver
[    1.750933] i8042: PNP: PS/2 Controller [PNP0303:PS2K,PNP0f03:PS2M] at 0x60,0x64 irq 1,12
[    1.750933] serio: i8042 KBD port at 0x60,0x64 irq 1
[    1.750933] serio: i8042 AUX port at 0x60,0x64 irq 12
[    1.791225] mousedev: PS/2 mouse device common for all mice
[    1.800029] rtc_cmos rtc_cmos: rtc core: registered rtc_cmos as rtc0
[    1.807110] rtc_cmos rtc_cmos: alarms up to one day, 114 bytes nvram
[    1.813822] input: AT Translated Set 2 keyboard as /devices/platform/i8042/serio0/input/input2
[    1.821126] i2c /dev entries driver
[    1.824876] device-mapper: uevent: version 1.0.3
[    1.829981] device-mapper: ioctl: 4.37.0-ioctl (2017-09-20) initialised: dm-devel@redhat.com
[    1.838209] ledtrig-cpu: registered to indicate activity on CPUs
[    1.847005] NET: Registered protocol family 10
[    1.859314] Segment Routing with IPv6
[    1.864322] NET: Registered protocol family 17
[    1.869123] Key type dns_resolver registered
[    1.875156] mce: Using 0 MCE banks
[    1.878755] RAS: Correctable Errors collector initialized.
[    1.885734] sched_clock: Marking stable (1885643349, 0)->(2707965108, -822321759)
[    1.940939] registered taskstats version 1
[    1.945837] Loading compiled-in X.509 certificates
[    1.955453] Loaded X.509 cert 'Build time autogenerated kernel key: f114f3958ed3c37ba1924ca66ae8368f3c35b0e4'
[    1.966458] Loaded X.509 cert 'Canonical Ltd. Live Patch Signing: 14df34d1a87cf37625abec039ef2bf521249b969'
[    1.976358] Loaded X.509 cert 'Canonical Ltd. Kernel Module Signing: 88f752e560a1e0737e31163a466ad7b70a850c19'
[    1.987254] blacklist: Loading compiled-in revocation X.509 certificates
[    1.993944] Loaded X.509 cert 'Canonical Ltd. Secure Boot Signing: 61482aa2830d0ab2ad5af10b7250da9033ddcef0'
[    2.003913] zswap: loaded using pool lzo/zbud
[    2.021067] Key type big_key registered
[    2.026578] Key type trusted registered
[    2.036026] Key type encrypted registered
[    2.040748] AppArmor: AppArmor sha1 policy hashing enabled
[    2.046529] ima: No TPM chip found, activating TPM-bypass! (rc=-19)
[    2.052722] ima: Allocated hash algorithm: sha1
[    2.057357] evm: HMAC attrs: 0x1
[    2.061582]   Magic number: 7:660:928
[    2.066341] rtc_cmos rtc_cmos: setting system clock to 2023-01-26 08:56:31 UTC (1674723391)
[    2.074559] BIOS EDD facility v0.16 2004-Jun-25, 0 devices found
[    2.080559] EDD information not available.
[    2.089302] Freeing unused kernel image memory: 2472K
[    2.105097] Write protecting the kernel read-only data: 20480k
[    2.113100] Freeing unused kernel image memory: 2008K
[    2.119198] Freeing unused kernel image memory: 1824K
[    2.133235] x86/mm: Checked W+X mappings: passed, no W+X pages found.
Loading, please wait...
starting version 237
[    2.268485] Fusion MPT base driver 3.04.20
[    2.273053] Copyright (c) 1999-2008 LSI Corporation
[    2.280230] e1000: Intel(R) PRO/1000 Network Driver - version 7.3.21-k8-NAPI
[    2.287860] e1000: Copyright (c) 1999-2006 Intel Corporation.
[    2.307487] SSE version of gcm_enc/dec engaged.
[    2.318473] Fusion MPT SPI Host driver 3.04.20
[    2.492037] input: ImExPS/2 Generic Explorer Mouse as /devices/platform/i8042/serio1/input/input4
[    3.120829] e1000 0000:00:03.0 eth0: (PCI:33MHz:32-bit) 02:40:49:ac:f0:20
[    3.128817] e1000 0000:00:03.0 eth0: Intel(R) PRO/1000 Network Connection
[    3.137411] mptbase: ioc0: Initiating bringup
[    3.138414] e1000 0000:00:03.0 enp0s3: renamed from eth0
[    3.291970] ioc0: LSI53C1030 A0: Capabilities={Initiator}
[    3.573005] scsi host2: ioc0: LSI53C1030 A0, FwRev=00000000h, Ports=1, MaxQ=256, IRQ=20
[    3.750206] scsi 2:0:0:0: Direct-Access     VBOX     HARDDISK         1.0  PQ: 0 ANSI: 5
[    3.788358] scsi target2:0:0: Beginning Domain Validation
[    3.804985] scsi target2:0:0: Domain Validation skipping write tests
[    3.811593] scsi target2:0:0: Ending Domain Validation
[    3.817445] scsi target2:0:0: asynchronous
[    3.824398] scsi 2:0:1:0: Direct-Access     VBOX     HARDDISK         1.0  PQ: 0 ANSI: 5
[    3.866424] scsi target2:0:1: Beginning Domain Validation
[    3.883221] scsi target2:0:1: Domain Validation skipping write tests
[    3.889478] scsi target2:0:1: Ending Domain Validation
[    3.896190] scsi target2:0:1: asynchronous
[    3.919292] sd 2:0:0:0: Attached scsi generic sg0 type 0
[    3.920399] sd 2:0:0:0: [sda] 83886080 512-byte logical blocks: (42.9 GB/40.0 GiB)
[    3.934533] sd 2:0:0:0: [sda] Write Protect is off
[    3.939806] sd 2:0:1:0: Attached scsi generic sg1 type 0
[    3.940370] sd 2:0:0:0: [sda] Incomplete mode parameter data
[    3.952766] sd 2:0:0:0: [sda] Assuming drive cache: write through
[    3.958598] sd 2:0:1:0: [sdb] 20480 512-byte logical blocks: (10.5 MB/10.0 MiB)
[    3.967707] sd 2:0:1:0: [sdb] Write Protect is off
[    3.974942] sd 2:0:1:0: [sdb] Incomplete mode parameter data
[    3.981601] sd 2:0:1:0: [sdb] Assuming drive cache: write through
[    3.981753]  sda: sda1
[    3.996189] sd 2:0:0:0: [sda] Attached SCSI disk
[    3.996863] sd 2:0:1:0: [sdb] Attached SCSI disk
Begin: Loading essential drivers ... [    6.632907] raid6: sse2x1   gen()  7338 MB/s
[  204.472667] INFO: rcu_sched detected stalls on CPUs/tasks:
[  204.479167] 	1-...!: (9 ticks this GP) idle=286/140000000000000/0 softirq=1186/1189 fqs=6 
[  204.488449] 	(detected by 0, t=49473 jiffies, g=-107, c=-108, q=248)
[  204.495492] Sending NMI from CPU 0 to CPUs 1:
[  214.460728] rcu_sched kthread starved for 49458 jiffies! g18446744073709551509 c18446744073709551508 f0x0 RCU_GP_WAIT_FQS(3) ->state=0x402 ->cpu=0
[  214.472730] rcu_sched       I    0     9      2 0x80000000
[  214.477626] Call Trace:
[  214.480868]  __schedule+0x24e/0x890
[  214.485043]  schedule+0x2c/0x80
[  214.491776]  schedule_timeout+0x15d/0x370
[  214.495811]  ? __next_timer_interrupt+0xe0/0xe0
[  214.499581]  rcu_gp_kthread+0x53a/0x980
[  214.502623]  kthread+0x121/0x140
[  214.505288]  ? rcu_note_context_switch+0x150/0x150
[  214.509706]  ? kthread_create_worker_on_cpu+0x70/0x70
[  214.514519]  ret_from_fork+0x1f/0x40
[  214.517581] raid6: sse2x1   xor() 1275099 MB/s
[  214.584349] raid6: sse2x2   gen() 14318 MB/s
[  214.647109] raid6: sse2x2   xor()  8464 MB/s
[  214.699346] raid6: sse2x4   gen() 14064 MB/s
[  214.761164] raid6: sse2x4   xor()  8528 MB/s
[  214.766824] raid6: using algorithm sse2x2 gen() 14318 MB/s
[  214.775019] raid6: .... xor() 8464 MB/s, rmw enabled
[  214.780787] raid6: using ssse3x2 recovery algorithm
[  214.792115] xor: measuring software checksum speed
[  214.905038]    prefetch64-sse: 39858.000 MB/sec
[  214.998273]    generic_sse: 30260.000 MB/sec
[  215.003737] xor: using function: prefetch64-sse (39858.000 MB/sec)
[  215.017764] async_tx: api initialized (async)
done.
Begin: Running /scripts/init-premount ... done.
Begin: Mounting root file system ... Begin: Running /scripts/local-top ... done.
Begin: Running /scripts/local-premount ... [  215.112912] Btrfs loaded, crc32c=crc32c-intel
Scanning for Btrfs filesystems
done.
Begin: Will now check root file system ... fsck from util-linux 2.31.1
[/sbin/fsck.ext4 (1) -- /dev/sda1] fsck.ext4 -a -C0 /dev/sda1 
cloudimg-rootfs: clean, 107424/5120000 files, 766856/10485499 blocks
done.
[  215.218242] EXT4-fs (sda1): mounted filesystem with ordered data mode. Opts: (null)
done.
Begin: Running /scripts/local-bottom ... done.
Begin: Running /scripts/init-bottom ... done.
[  215.552255] ip_tables: (C) 2000-2006 Netfilter Core Team
[  215.581588] systemd[1]: systemd 237 running in system mode. (+PAM +AUDIT +SELINUX +IMA +APPARMOR +SMACK +SYSVINIT +UTMP +LIBCRYPTSETUP +GCRYPT +GNUTLS +ACL +XZ +LZ4 +SECCOMP +BLKID +ELFUTILS +KMOD -IDN2 +IDN -PCRE2 default-hierarchy=hybrid)
[  215.604546] systemd[1]: Detected virtualization oracle.
[  215.611205] systemd[1]: Detected architecture x86-64.

Welcome to [1mUbuntu 18.04.6 LTS[0m!

[  215.658621] systemd[1]: Set hostname to <ubuntu-bionic>.
[  215.754049] PANIC: double fault, error_code: 0x0
[  215.760574] CPU: 1 PID: 380 Comm: cloud-init-gene Not tainted 4.15.0-202-generic #213-Ubuntu
[  215.769588] Hardware name: innotek GmbH VirtualBox/VirtualBox, BIOS VirtualBox 12/01/2006
[  215.778089] RIP: 0010:__do_page_fault+0x1f/0x4b0
[  215.785739] RSP: 0000:fffffe0000033010 EFLAGS: 00010082
[  215.791945] RAX: 0000000000000028 RBX: 0000000000000000 RCX: ffffffffb12009e7
[  215.799208] RDX: 0000000000000028 RSI: 0000000000000000 RDI: fffffe00000330b8
[  215.809897] RBP: fffffe0000033078 R08: 0000000000000000 R09: 0000000000000000
[  215.817814] R10: 0000000000000000 R11: 0000000000000000 R12: 0000000000000028
[  215.824809] R13: fffffe00000330b8 R14: 0000000000000000 R15: 0000000000000000
[  215.836258] FS:  00007f47cd8e4540(0000) GS:ffff9bb9ffd00000(0000) knlGS:0000000000000000
[  215.843924] CS:  0010 DS: 0000 ES: 0000 CR0: 0000000080050033
[  215.850007] CR2: fffffe0000032ff8 CR3: 000000003cefe003 CR4: 00000000000206e0
[  215.860315] Call Trace:
[  215.863757]  <ENTRY_TRAMPOLINE>
[  215.867505]  do_page_fault+0x2e/0xe0
[  215.871029]  page_fault+0x25/0x50
[  215.874137] RIP: 0010:__do_page_fault+0x1f/0x4b0
[  215.881638] RSP: 0000:fffffe0000033160 EFLAGS: 00010086
[  215.886320] RAX: 0000000000000028 RBX: 0000000000000000 RCX: ffffffffb12009e7
[  215.892910] RDX: 0000000000000028 RSI: 0000000000000000 RDI: fffffe0000033208
[  215.904188] RBP: fffffe00000331c8 R08: 0000000000000000 R09: 0000000000000000
[  215.911166] R10: 0000000000000000 R11: 0000000000000000 R12: 0000000000000028
[  215.917545] R13: fffffe0000033208 R14: 0000000000000000 R15: 0000000000000000
[  215.927853]  ? native_iret+0x7/0x7
[  215.931628]  do_page_fault+0x2e/0xe0
[  215.935345]  page_fault+0x25/0x50
[  215.938809] RIP: 0010:__do_page_fault+0x1f/0x4b0
[  215.943546] RSP: 0000:fffffe00000332b0 EFLAGS: 00010082
[  215.951600] RAX: 0000000000000028 RBX: 0000000000000000 RCX: ffffffffb12009e7
[  215.959033] RDX: 0000000000000028 RSI: 0000000000000000 RDI: fffffe0000033358
[  215.967194] RBP: fffffe0000033318 R08: 0000000000000000 R09: 0000000000000000
[  215.976590] R10: 0000000000000000 R11: 0000000000000000 R12: 0000000000000028
[  215.983734] R13: fffffe0000033358 R14: 0000000000000000 R15: 0000000000000000
[  215.990137]  ? native_iret+0x7/0x7
[  215.993192]  do_page_fault+0x2e/0xe0
[  215.999323]  page_fault+0x25/0x50
[  216.002867] RIP: 0010:__do_page_fault+0x1f/0x4b0
[  216.007130] RSP: 0000:fffffe0000033400 EFLAGS: 00010086
[  216.011925] RAX: 0000000000000028 RBX: 0000000000000000 RCX: ffffffffb12009e7
[  216.019027] RDX: 0000000000000028 RSI: 0000000000000000 RDI: fffffe00000334a8
[  216.029246] RBP: fffffe0000033468 R08: 0000000000000000 R09: 0000000000000000
[  216.035203] R10: 0000000000000000 R11: 0000000000000000 R12: 0000000000000028
[  216.043099] R13: fffffe00000334a8 R14: 0000000000000000 R15: 0000000000000000
[  216.053288]  ? native_iret+0x7/0x7
[  216.056432]  do_page_fault+0x2e/0xe0
[  216.059898]  page_fault+0x25/0x50
[  216.063880] RIP: 0010:__do_page_fault+0x1f/0x4b0
[  216.068078] RSP: 0000:fffffe0000033550 EFLAGS: 00010086
[  216.076186] RAX: 0000000000000028 RBX: 0000000000000000 RCX: ffffffffb12009e7
[  216.082275] RDX: 0000000000000028 RSI: 0000000000000000 RDI: fffffe00000335f8
[  216.088169] RBP: fffffe00000335b8 R08: 0000000000000000 R09: 0000000000000000
[  216.098150] R10: 0000000000000000 R11: 0000000000000000 R12: 0000000000000028
[  216.104573] R13: fffffe00000335f8 R14: 0000000000000000 R15: 0000000000000000
[  216.110985]  ? native_iret+0x7/0x7
[  216.114455]  do_page_fault+0x2e/0xe0
[  216.120893]  page_fault+0x25/0x50
[  216.124353] RIP: 0010:__do_page_fault+0x1f/0x4b0
[  216.129004] RSP: 0000:fffffe00000336a0 EFLAGS: 00010086
[  216.134555] RAX: 0000000000000028 RBX: 0000000000000000 RCX: ffffffffb12009e7
[  216.143905] RDX: 0000000000000028 RSI: 0000000000000000 RDI: fffffe0000033748
[  216.150832] RBP: fffffe0000033708 R08: 0000000000000000 R09: 0000000000000000
[  216.157882] R10: 0000000000000000 R11: 0000000000000000 R12: 0000000000000028
[  216.168172] R13: fffffe0000033748 R14: 0000000000000000 R15: 0000000000000000
[  216.174805]  ? native_iret+0x7/0x7
[  216.177715]  do_page_fault+0x2e/0xe0
[  216.181518]  page_fault+0x25/0x50
[  216.184467] RIP: 0010:__do_page_fault+0x1f/0x4b0
[  216.190968] RSP: 0000:fffffe00000337f0 EFLAGS: 00010086
[  216.196394] RAX: 0000000000000028 RBX: 0000000000000000 RCX: ffffffffb12009e7
[  216.202981] RDX: 0000000000000028 RSI: 0000000000000000 RDI: fffffe0000033898
[  216.209344] RBP: fffffe0000033858 R08: 0000000000000000 R09: 0000000000000000
[  216.220030] R10: 0000000000000000 R11: 0000000000000000 R12: 0000000000000028
[  216.227726] R13: fffffe0000033898 R14: 0000000000000000 R15: 0000000000000000
[  216.234773]  ? native_iret+0x7/0x7
[  216.240931]  do_page_fault+0x2e/0xe0
[  216.245701]  page_fault+0x25/0x50
[  216.249294] RIP: 0010:__do_page_fault+0x1f/0x4b0
[  216.253738] RSP: 0000:fffffe0000033940 EFLAGS: 00010082
[  216.258812] RAX: 0000000000000028 RBX: 0000000000000000 RCX: ffffffffb12009e7
[  216.269605] RDX: 0000000000000028 RSI: 0000000000000000 RDI: fffffe00000339e8
[  216.276963] RBP: fffffe00000339a8 R08: 0000000000000000 R09: 0000000000000000
[  216.286822] R10: 0000000000000000 R11: 0000000000000000 R12: 0000000000000028
[  216.295028] R13: fffffe00000339e8 R14: 0000000000000000 R15: 0000000000000000
[  216.302803]  ? native_iret+0x7/0x7
[  216.305657]  do_page_fault+0x2e/0xe0
[  216.311594]  page_fault+0x25/0x50
[  216.314608] RIP: 0010:__do_page_fault+0x1f/0x4b0
[  216.318925] RSP: 0000:fffffe0000033a90 EFLAGS: 00010086
[  216.323586] RAX: 0000000000000028 RBX: 0000000000000000 RCX: ffffffffb12009e7
[  216.330047] RDX: 0000000000000028 RSI: 0000000000000000 RDI: fffffe0000033b38
[  216.339397] RBP: fffffe0000033af8 R08: 0000000000000000 R09: 0000000000000000
[  216.345308] R10: 0000000000000000 R11: 0000000000000000 R12: 0000000000000028
[  216.352369] R13: fffffe0000033b38 R14: 0000000000000000 R15: 0000000000000000
[  216.361829]  ? native_iret+0x7/0x7
[  216.365914]  do_page_fault+0x2e/0xe0
[  216.369795]  page_fault+0x25/0x50
[  216.373403] RIP: 0010:__do_page_fault+0x1f/0x4b0
[  216.378011] RSP: 0000:fffffe0000033be0 EFLAGS: 00010082
[  216.387101] RAX: 0000000000000028 RBX: 0000000000000000 RCX: ffffffffb12009e7
[  216.393718] RDX: 0000000000000028 RSI: 0000000000000000 RDI: fffffe0000033c88
[  216.400549] RBP: fffffe0000033c48 R08: 0000000000000000 R09: 0000000000000000
[  216.409857] R10: 0000000000000000 R11: 0000000000000000 R12: 0000000000000028
[  216.417504] R13: fffffe0000033c88 R14: 0000000000000000 R15: 0000000000000000
[  216.424126]  ? native_iret+0x7/0x7
[  216.427366]  do_page_fault+0x2e/0xe0
[  216.435499]  page_fault+0x25/0x50
[  216.438269] RIP: 0010:__do_page_fault+0x1f/0x4b0
[  216.442296] RSP: 0000:fffffe0000033d30 EFLAGS: 00010086
[  216.448003] RAX: 0000000000000028 RBX: 0000000000000000 RCX: ffffffffb12009e7
[  216.457242] RDX: 0000000000000028 RSI: 0000000000000000 RDI: fffffe0000033dd8
[  216.464946] RBP: fffffe0000033d98 R08: 0000000000000000 R09: 0000000000000000
[  216.471033] R10: 0000000000000000 R11: 0000000000000000 R12: 0000000000000028
[  216.481980] R13: fffffe0000033dd8 R14: 0000000000000000 R15: 0000000000000000
[  216.491580]  ? native_iret+0x7/0x7
[  216.496426]  do_page_fault+0x2e/0xe0
[  216.499327]  page_fault+0x25/0x50
[  216.506016] RIP: 0010:__do_page_fault+0x1f/0x4b0
[  216.510408] RSP: 0000:fffffe0000033e80 EFLAGS: 00010082
[  216.514832] RAX: 00007f47cd6bc008 RBX: 0000000000000007 RCX: ffffffffb12009e7
[  216.521120] RDX: 00007f47cd6bc008 RSI: 0000000000000007 RDI: fffffe0000033f28
[  216.531663] RBP: fffffe0000033ee8 R08: 0000000000000000 R09: 0000000000000000
[  216.538091] R10: 0000000000000000 R11: 0000000000000000 R12: 00007f47cd6bc008
[  216.544317] R13: fffffe0000033f28 R14: 0000000000000000 R15: 0000000000000000
[  216.553592]  ? native_iret+0x7/0x7
[  216.557642]  do_page_fault+0x2e/0xe0
[  216.561703]  page_fault+0x25/0x50
[  216.565327] RIP: 0010:call_function_single_interrupt+0x0/0xa0
[  216.570621] RSP: 0000:fffffe0000033fd8 EFLAGS: 00000046
[  216.579973] RAX: 00007f47cd6bc000 RBX: 0000005c92113151 RCX: 0000000000000000
[  216.586671] RDX: 0000000000000000 RSI: 00007f47cd8e3358 RDI: 00007f47cd8e3000
[  216.594390] RBP: 00007ffd6cefe890 R08: 0000000000000090 R09: 0000000000000000
[  216.605133] R10: 0000000000000000 R11: 0000000000000202 R12: 0000000000000001
[  216.612159] R13: 0000000000000001 R14: 00007f47cd8ed170 R15: 00007f47cd8e3000
[  216.619796]  </ENTRY_TRAMPOLINE>
[  216.626661] Code: e9 72 fd ff ff 0f 1f 80 00 00 00 00 0f 1f 44 00 00 55 48 89 e5 41 57 41 56 41 55 41 54 49 89 fd 53 49 89 d4 48 89 f3 48 83 ec 40 <65> 48 8b 04 25 28 00 00 00 48 89 45 d0 31 c0 65 48 8b 04 25 40 
[  216.642544] Kernel panic - not syncing: Machine halted.
[  216.650749] CPU: 1 PID: 380 Comm: cloud-init-gene Not tainted 4.15.0-202-generic #213-Ubuntu
[  216.659728] Hardware name: innotek GmbH VirtualBox/VirtualBox, BIOS VirtualBox 12/01/2006
[  216.671328] Call Trace:
[  216.673979]  <#DF>
[  216.675903]  dump_stack+0x6d/0x8b
[  216.679849]  panic+0xe4/0x247
[  216.682999]  df_debug+0x2d/0x30
[  216.687742]  do_double_fault+0xa1/0x130
[  216.691612]  double_fault+0x1e/0x30
[  216.698141] RIP: 0010:__do_page_fault+0x1f/0x4b0
[  216.702217] RSP: 0000:fffffe0000033010 EFLAGS: 00010082
[  216.706489] RAX: 0000000000000028 RBX: 0000000000000000 RCX: ffffffffb12009e7
[  216.712457] RDX: 0000000000000028 RSI: 0000000000000000 RDI: fffffe00000330b8
[  216.721235] RBP: fffffe0000033078 R08: 0000000000000000 R09: 0000000000000000
[  216.729018] R10: 0000000000000000 R11: 0000000000000000 R12: 0000000000000028
[  216.734648] R13: fffffe00000330b8 R14: 0000000000000000 R15: 0000000000000000
[  216.745330]  ? native_iret+0x7/0x7
[  216.749233]  </#DF>
[  216.751572]  <ENTRY_TRAMPOLINE>
[  216.754357]  do_page_fault+0x2e/0xe0
[  216.757990]  page_fault+0x25/0x50
[  216.761145] RIP: 0010:__do_page_fault+0x1f/0x4b0
[  216.767666] RSP: 0000:fffffe0000033160 EFLAGS: 00010086
[  216.772686] RAX: 0000000000000028 RBX: 0000000000000000 RCX: ffffffffb12009e7
[  216.778866] RDX: 0000000000000028 RSI: 0000000000000000 RDI: fffffe0000033208
[  216.786004] RBP: fffffe00000331c8 R08: 0000000000000000 R09: 0000000000000000
[  216.797103] R10: 0000000000000000 R11: 0000000000000000 R12: 0000000000000028
[  216.803175] R13: fffffe0000033208 R14: 0000000000000000 R15: 0000000000000000
[  216.809579]  ? native_iret+0x7/0x7
[  216.815913]  do_page_fault+0x2e/0xe0
[  216.819344]  page_fault+0x25/0x50
[  216.822908] RIP: 0010:__do_page_fault+0x1f/0x4b0
[  216.827301] RSP: 0000:fffffe00000332b0 EFLAGS: 00010082
[  216.832456] RAX: 0000000000000028 RBX: 0000000000000000 RCX: ffffffffb12009e7
[  216.841815] RDX: 0000000000000028 RSI: 0000000000000000 RDI: fffffe0000033358
[  216.848696] RBP: fffffe0000033318 R08: 0000000000000000 R09: 0000000000000000
[  216.855552] R10: 0000000000000000 R11: 0000000000000000 R12: 0000000000000028
[  216.865138] R13: fffffe0000033358 R14: 0000000000000000 R15: 0000000000000000
[  216.872048]  ? native_iret+0x7/0x7
[  216.875236]  do_page_fault+0x2e/0xe0
[  216.878702]  page_fault+0x25/0x50
[  216.882504] RIP: 0010:__do_page_fault+0x1f/0x4b0
[  216.890682] RSP: 0000:fffffe0000033400 EFLAGS: 00010086
[  216.895413] RAX: 0000000000000028 RBX: 0000000000000000 RCX: ffffffffb12009e7
[  216.901193] RDX: 0000000000000028 RSI: 0000000000000000 RDI: fffffe00000334a8
[  216.907248] RBP: fffffe0000033468 R08: 0000000000000000 R09: 0000000000000000
[  216.918012] R10: 0000000000000000 R11: 0000000000000000 R12: 0000000000000028
[  216.924561] R13: fffffe00000334a8 R14: 0000000000000000 R15: 0000000000000000
[  216.931064]  ? native_iret+0x7/0x7
[  216.936559]  do_page_fault+0x2e/0xe0
[  216.940412]  page_fault+0x25/0x50
[  216.943540] RIP: 0010:__do_page_fault+0x1f/0x4b0
[  216.948002] RSP: 0000:fffffe0000033550 EFLAGS: 00010086
[  216.952698] RAX: 0000000000000028 RBX: 0000000000000000 RCX: ffffffffb12009e7
[  216.962637] RDX: 0000000000000028 RSI: 0000000000000000 RDI: fffffe00000335f8
[  216.968596] RBP: fffffe00000335b8 R08: 0000000000000000 R09: 0000000000000000
[  216.975556] R10: 0000000000000000 R11: 0000000000000000 R12: 0000000000000028
[  216.985558] R13: fffffe00000335f8 R14: 0000000000000000 R15: 0000000000000000
[  216.991844]  ? native_iret+0x7/0x7
[  216.995679]  do_page_fault+0x2e/0xe0
[  216.999210]  page_fault+0x25/0x50
[  217.002551] RIP: 0010:__do_page_fault+0x1f/0x4b0
[  217.009319] RSP: 0000:fffffe00000336a0 EFLAGS: 00010086
[  217.014734] RAX: 0000000000000028 RBX: 0000000000000000 RCX: ffffffffb12009e7
[  217.020854] RDX: 0000000000000028 RSI: 0000000000000000 RDI: fffffe0000033748
[  217.026820] RBP: fffffe0000033708 R08: 0000000000000000 R09: 0000000000000000
[  217.036371] R10: 0000000000000000 R11: 0000000000000000 R12: 0000000000000028
[  217.042424] R13: fffffe0000033748 R14: 0000000000000000 R15: 0000000000000000
[  217.048928]  ? native_iret+0x7/0x7
[  217.056151]  do_page_fault+0x2e/0xe0
[  217.060438]  page_fault+0x25/0x50
[  217.064385] RIP: 0010:__do_page_fault+0x1f/0x4b0
[  217.068914] RSP: 0000:fffffe00000337f0 EFLAGS: 00010086
[  217.074529] RAX: 0000000000000028 RBX: 0000000000000000 RCX: ffffffffb12009e7
[  217.085194] RDX: 0000000000000028 RSI: 0000000000000000 RDI: fffffe0000033898
[  217.092943] RBP: fffffe0000033858 R08: 0000000000000000 R09: 0000000000000000
[  217.102847] R10: 0000000000000000 R11: 0000000000000000 R12: 0000000000000028
[  217.110350] R13: fffffe0000033898 R14: 0000000000000000 R15: 0000000000000000
[  217.119358]  ? native_iret+0x7/0x7
[  217.123519]  do_page_fault+0x2e/0xe0
[  217.130602]  page_fault+0x25/0x50
[  217.133937] RIP: 0010:__do_page_fault+0x1f/0x4b0
[  217.138152] RSP: 0000:fffffe0000033940 EFLAGS: 00010082
[  217.142510] RAX: 0000000000000028 RBX: 0000000000000000 RCX: ffffffffb12009e7
[  217.151699] RDX: 0000000000000028 RSI: 0000000000000000 RDI: fffffe00000339e8
[  217.158383] RBP: fffffe00000339a8 R08: 0000000000000000 R09: 0000000000000000
[  217.165591] R10: 0000000000000000 R11: 0000000000000000 R12: 0000000000000028
[  217.174760] R13: fffffe00000339e8 R14: 0000000000000000 R15: 0000000000000000
[  217.181973]  ? native_iret+0x7/0x7
[  217.184878]  do_page_fault+0x2e/0xe0
[  217.187974]  page_fault+0x25/0x50
[  217.191955] RIP: 0010:__do_page_fault+0x1f/0x4b0
[  217.200577] RSP: 0000:fffffe0000033a90 EFLAGS: 00010086
[  217.205532] RAX: 0000000000000028 RBX: 0000000000000000 RCX: ffffffffb12009e7
[  217.212146] RDX: 0000000000000028 RSI: 0000000000000000 RDI: fffffe0000033b38
[  217.218820] RBP: fffffe0000033af8 R08: 0000000000000000 R09: 0000000000000000
[  217.228736] R10: 0000000000000000 R11: 0000000000000000 R12: 0000000000000028
[  217.234432] R13: fffffe0000033b38 R14: 0000000000000000 R15: 0000000000000000
[  217.240714]  ? native_iret+0x7/0x7
[  217.244011]  do_page_fault+0x2e/0xe0
[  217.251158]  page_fault+0x25/0x50
[  217.254153] RIP: 0010:__do_page_fault+0x1f/0x4b0
[  217.258194] RSP: 0000:fffffe0000033be0 EFLAGS: 00010082
[  217.263405] RAX: 0000000000000028 RBX: 0000000000000000 RCX: ffffffffb12009e7
[  217.273031] RDX: 0000000000000028 RSI: 0000000000000000 RDI: fffffe0000033c88
[  217.280316] RBP: fffffe0000033c48 R08: 0000000000000000 R09: 0000000000000000
[  217.287215] R10: 0000000000000000 R11: 0000000000000000 R12: 0000000000000028
[  217.297501] R13: fffffe0000033c88 R14: 0000000000000000 R15: 0000000000000000
[  217.305616]  ? native_iret+0x7/0x7
[  217.308900]  do_page_fault+0x2e/0xe0
[  217.313025]  page_fault+0x25/0x50
[  217.318952] RIP: 0010:__do_page_fault+0x1f/0x4b0
[  217.323594] RSP: 0000:fffffe0000033d30 EFLAGS: 00010086
[  217.328711] RAX: 0000000000000028 RBX: 0000000000000000 RCX: ffffffffb12009e7
[  217.335565] RDX: 0000000000000028 RSI: 0000000000000000 RDI: fffffe0000033dd8
[  217.345280] RBP: fffffe0000033d98 R08: 0000000000000000 R09: 0000000000000000
[  217.351662] R10: 0000000000000000 R11: 0000000000000000 R12: 0000000000000028
[  217.357857] R13: fffffe0000033dd8 R14: 0000000000000000 R15: 0000000000000000
[  217.367656]  ? native_iret+0x7/0x7
[  217.371350]  do_page_fault+0x2e/0xe0
[  217.374688]  page_fault+0x25/0x50
[  217.378350] RIP: 0010:__do_page_fault+0x1f/0x4b0
[  217.382889] RSP: 0000:fffffe0000033e80 EFLAGS: 00010082
[  217.387587] RAX: 00007f47cd6bc008 RBX: 0000000000000007 RCX: ffffffffb12009e7
[  217.397577] RDX: 00007f47cd6bc008 RSI: 0000000000000007 RDI: fffffe0000033f28
[  217.403852] RBP: fffffe0000033ee8 R08: 0000000000000000 R09: 0000000000000000
[  217.413125] R10: 0000000000000000 R11: 0000000000000000 R12: 00007f47cd6bc008
[  217.420103] R13: fffffe0000033f28 R14: 0000000000000000 R15: 0000000000000000
[  217.427466]  ? native_iret+0x7/0x7
[  217.431434]  do_page_fault+0x2e/0xe0
[  217.435180]  page_fault+0x25/0x50
[  217.442148] RIP: 0010:call_function_single_interrupt+0x0/0xa0
[  217.448916] RSP: 0000:fffffe0000033fd8 EFLAGS: 00000046
[  217.453748] RAX: 00007f47cd6bc000 RBX: 0000005c92113151 RCX: 0000000000000000
[  217.459626] RDX: 0000000000000000 RSI: 00007f47cd8e3358 RDI: 00007f47cd8e3000
[  217.469918] RBP: 00007ffd6cefe890 R08: 0000000000000090 R09: 0000000000000000
[  217.476176] R10: 0000000000000000 R11: 0000000000000202 R12: 0000000000000001
[  217.483336] R13: 0000000000000001 R14: 00007f47cd8ed170 R15: 00007f47cd8e3000
[  217.493673]  </ENTRY_TRAMPOLINE>
[  217.498020] Kernel Offset: 0x2f800000 from 0xffffffff81000000 (relocation range: 0xffffffff80000000-0xffffffffbfffffff)
[  217.507651] ---[ end Kernel panic - not syncing: Machine halted.
